// Jest Snapshot v1, https://goo.gl/fbAQLP

exports[`MainApp test Should render the component 1`] = `
<GlobalState>
  <MainPage />
</GlobalState>
`;
